// Jest Snapshot v1, https://goo.gl/fbAQLP

exports[`Homepage test should render Homepagecorrectly 1`] = `
Object {
  "asFragment": [Function],
  "baseElement": <body>
    <div>
      <div>
        <div
          class="flex justify-between py-4 items-center text-white bg-glowing"
        >
          <button
            type="button"
          >
            <svg
              fill="currentColor"
              height="1em"
              stroke="currentColor"
              stroke-width="0"
              viewBox="0 0 320 512"
              width="1em"
              xmlns="http://www.w3.org/2000/svg"
            >
              <path
                d="M34.52 239.03L228.87 44.69c9.37-9.37 24.57-9.37 33.94 0l22.67 22.67c9.36 9.36 9.37 24.52.04 33.9L131.49 256l154.02 154.75c9.34 9.38 9.32 24.54-.04 33.9l-22.67 22.67c-9.37 9.37-24.57 9.37-33.94 0L34.52 272.97c-9.37-9.37-9.37-24.57 0-33.94z"
              />
            </svg>
          </button>
          <div
            class="flex flex-col items-center"
          >
            <p
              class="font-light"
            >
              General Information and Statistics
            </p>
            <div
              class="flex items-center justify-between"
            >
              <h2
                class="text-3xl font-bold"
              >
                Pakistan
              </h2>
              <img
                alt="coat of arms"
                src=""
                width="50px"
              />
            </div>
          </div>
          <div
            class="flex text-lg gap-2 mr-2 md:mr-8"
          >
            <svg
              fill="currentColor"
              height="1em"
              stroke="currentColor"
              stroke-width="0"
              viewBox="0 0 352 512"
              width="1em"
              xmlns="http://www.w3.org/2000/svg"
            >
              <path
                d="M176 352c53.02 0 96-42.98 96-96V96c0-53.02-42.98-96-96-96S80 42.98 80 96v160c0 53.02 42.98 96 96 96zm160-160h-16c-8.84 0-16 7.16-16 16v48c0 74.8-64.49 134.82-140.79 127.38C96.71 376.89 48 317.11 48 250.3V208c0-8.84-7.16-16-16-16H16c-8.84 0-16 7.16-16 16v40.16c0 89.64 63.97 169.55 152 181.69V464H96c-8.84 0-16 7.16-16 16v16c0 8.84 7.16 16 16 16h160c8.84 0 16-7.16 16-16v-16c0-8.84-7.16-16-16-16h-56v-33.77C285.71 418.47 352 344.9 352 256v-48c0-8.84-7.16-16-16-16z"
              />
            </svg>
            <svg
              fill="currentColor"
              height="1em"
              stroke="currentColor"
              stroke-width="0"
              viewBox="0 0 16 16"
              width="1em"
              xmlns="http://www.w3.org/2000/svg"
            >
              <path
                d="M9.405 1.05c-.413-1.4-2.397-1.4-2.81 0l-.1.34a1.464 1.464 0 0 1-2.105.872l-.31-.17c-1.283-.698-2.686.705-1.987 1.987l.169.311c.446.82.023 1.841-.872 2.105l-.34.1c-1.4.413-1.4 2.397 0 2.81l.34.1a1.464 1.464 0 0 1 .872 2.105l-.17.31c-.698 1.283.705 2.686 1.987 1.987l.311-.169a1.464 1.464 0 0 1 2.105.872l.1.34c.413 1.4 2.397 1.4 2.81 0l.1-.34a1.464 1.464 0 0 1 2.105-.872l.31.17c1.283.698 2.686-.705 1.987-1.987l-.169-.311a1.464 1.464 0 0 1 .872-2.105l.34-.1c1.4-.413 1.4-2.397 0-2.81l-.34-.1a1.464 1.464 0 0 1-.872-2.105l.17-.31c.698-1.283-.705-2.686-1.987-1.987l-.311.169a1.464 1.464 0 0 1-2.105-.872l-.1-.34zM8 10.93a2.929 2.929 0 1 1 0-5.86 2.929 2.929 0 0 1 0 5.858z"
              />
            </svg>
          </div>
        </div>
        <ul
          class="details-ul text-white text-xl"
        >
          <li
            class="flex justify-between px-3 py-5"
          >
            <span>
              Continent:
            </span>
            <span>
              Asia
            </span>
          </li>
          <li
            class="flex justify-between px-3 py-5"
          >
            <span>
              Sub Region:
            </span>
            <span>
              South Asia
            </span>
          </li>
          <li
            class="flex justify-between px-3 py-5"
          >
            <span>
              Capital:
            </span>
            <span>
              Islamabad
            </span>
          </li>
          <li
            class="flex justify-between px-3 py-5"
          >
            <span>
              Capital Location:
            </span>
            <span>
              Lat:50, Long:50
            </span>
          </li>
          <li
            class="flex justify-between px-3 py-5"
          >
            <span>
              Area:
            </span>
            <span>
              796000
            </span>
          </li>
          <li
            class="flex justify-between px-3 py-5"
          >
            <span>
              Latitude:
            </span>
            <span>
              51
            </span>
          </li>
          <li
            class="flex justify-between px-3 py-5"
          >
            <span>
              Longitude:
            </span>
            <span>
              51
            </span>
          </li>
          <li
            class="flex justify-between px-3 py-5"
          >
            <span>
              Flag:
            </span>
            <span>
              ''
            </span>
          </li>
          <li
            class="flex justify-between px-3 py-5"
          >
            <span>
              Time Zone:
            </span>
            <span>
              +5:00
            </span>
          </li>
          <li
            class="flex justify-between px-3 py-5"
          >
            <span>
              Car Side:
            </span>
            <span>
              left
            </span>
          </li>
        </ul>
      </div>
    </div>
  </body>,
  "container": <div>
    <div>
      <div
        class="flex justify-between py-4 items-center text-white bg-glowing"
      >
        <button
          type="button"
        >
          <svg
            fill="currentColor"
            height="1em"
            stroke="currentColor"
            stroke-width="0"
            viewBox="0 0 320 512"
            width="1em"
            xmlns="http://www.w3.org/2000/svg"
          >
            <path
              d="M34.52 239.03L228.87 44.69c9.37-9.37 24.57-9.37 33.94 0l22.67 22.67c9.36 9.36 9.37 24.52.04 33.9L131.49 256l154.02 154.75c9.34 9.38 9.32 24.54-.04 33.9l-22.67 22.67c-9.37 9.37-24.57 9.37-33.94 0L34.52 272.97c-9.37-9.37-9.37-24.57 0-33.94z"
            />
          </svg>
        </button>
        <div
          class="flex flex-col items-center"
        >
          <p
            class="font-light"
          >
            General Information and Statistics
          </p>
          <div
            class="flex items-center justify-between"
          >
            <h2
              class="text-3xl font-bold"
            >
              Pakistan
            </h2>
            <img
              alt="coat of arms"
              src=""
              width="50px"
            />
          </div>
        </div>
        <div
          class="flex text-lg gap-2 mr-2 md:mr-8"
        >
          <svg
            fill="currentColor"
            height="1em"
            stroke="currentColor"
            stroke-width="0"
            viewBox="0 0 352 512"
            width="1em"
            xmlns="http://www.w3.org/2000/svg"
          >
            <path
              d="M176 352c53.02 0 96-42.98 96-96V96c0-53.02-42.98-96-96-96S80 42.98 80 96v160c0 53.02 42.98 96 96 96zm160-160h-16c-8.84 0-16 7.16-16 16v48c0 74.8-64.49 134.82-140.79 127.38C96.71 376.89 48 317.11 48 250.3V208c0-8.84-7.16-16-16-16H16c-8.84 0-16 7.16-16 16v40.16c0 89.64 63.97 169.55 152 181.69V464H96c-8.84 0-16 7.16-16 16v16c0 8.84 7.16 16 16 16h160c8.84 0 16-7.16 16-16v-16c0-8.84-7.16-16-16-16h-56v-33.77C285.71 418.47 352 344.9 352 256v-48c0-8.84-7.16-16-16-16z"
            />
          </svg>
          <svg
            fill="currentColor"
            height="1em"
            stroke="currentColor"
            stroke-width="0"
            viewBox="0 0 16 16"
            width="1em"
            xmlns="http://www.w3.org/2000/svg"
          >
            <path
              d="M9.405 1.05c-.413-1.4-2.397-1.4-2.81 0l-.1.34a1.464 1.464 0 0 1-2.105.872l-.31-.17c-1.283-.698-2.686.705-1.987 1.987l.169.311c.446.82.023 1.841-.872 2.105l-.34.1c-1.4.413-1.4 2.397 0 2.81l.34.1a1.464 1.464 0 0 1 .872 2.105l-.17.31c-.698 1.283.705 2.686 1.987 1.987l.311-.169a1.464 1.464 0 0 1 2.105.872l.1.34c.413 1.4 2.397 1.4 2.81 0l.1-.34a1.464 1.464 0 0 1 2.105-.872l.31.17c1.283.698 2.686-.705 1.987-1.987l-.169-.311a1.464 1.464 0 0 1 .872-2.105l.34-.1c1.4-.413 1.4-2.397 0-2.81l-.34-.1a1.464 1.464 0 0 1-.872-2.105l.17-.31c.698-1.283-.705-2.686-1.987-1.987l-.311.169a1.464 1.464 0 0 1-2.105-.872l-.1-.34zM8 10.93a2.929 2.929 0 1 1 0-5.86 2.929 2.929 0 0 1 0 5.858z"
            />
          </svg>
        </div>
      </div>
      <ul
        class="details-ul text-white text-xl"
      >
        <li
          class="flex justify-between px-3 py-5"
        >
          <span>
            Continent:
          </span>
          <span>
            Asia
          </span>
        </li>
        <li
          class="flex justify-between px-3 py-5"
        >
          <span>
            Sub Region:
          </span>
          <span>
            South Asia
          </span>
        </li>
        <li
          class="flex justify-between px-3 py-5"
        >
          <span>
            Capital:
          </span>
          <span>
            Islamabad
          </span>
        </li>
        <li
          class="flex justify-between px-3 py-5"
        >
          <span>
            Capital Location:
          </span>
          <span>
            Lat:50, Long:50
          </span>
        </li>
        <li
          class="flex justify-between px-3 py-5"
        >
          <span>
            Area:
          </span>
          <span>
            796000
          </span>
        </li>
        <li
          class="flex justify-between px-3 py-5"
        >
          <span>
            Latitude:
          </span>
          <span>
            51
          </span>
        </li>
        <li
          class="flex justify-between px-3 py-5"
        >
          <span>
            Longitude:
          </span>
          <span>
            51
          </span>
        </li>
        <li
          class="flex justify-between px-3 py-5"
        >
          <span>
            Flag:
          </span>
          <span>
            ''
          </span>
        </li>
        <li
          class="flex justify-between px-3 py-5"
        >
          <span>
            Time Zone:
          </span>
          <span>
            +5:00
          </span>
        </li>
        <li
          class="flex justify-between px-3 py-5"
        >
          <span>
            Car Side:
          </span>
          <span>
            left
          </span>
        </li>
      </ul>
    </div>
  </div>,
  "debug": [Function],
  "findAllByAltText": [Function],
  "findAllByDisplayValue": [Function],
  "findAllByLabelText": [Function],
  "findAllByPlaceholderText": [Function],
  "findAllByRole": [Function],
  "findAllByTestId": [Function],
  "findAllByText": [Function],
  "findAllByTitle": [Function],
  "findByAltText": [Function],
  "findByDisplayValue": [Function],
  "findByLabelText": [Function],
  "findByPlaceholderText": [Function],
  "findByRole": [Function],
  "findByTestId": [Function],
  "findByText": [Function],
  "findByTitle": [Function],
  "getAllByAltText": [Function],
  "getAllByDisplayValue": [Function],
  "getAllByLabelText": [Function],
  "getAllByPlaceholderText": [Function],
  "getAllByRole": [Function],
  "getAllByTestId": [Function],
  "getAllByText": [Function],
  "getAllByTitle": [Function],
  "getByAltText": [Function],
  "getByDisplayValue": [Function],
  "getByLabelText": [Function],
  "getByPlaceholderText": [Function],
  "getByRole": [Function],
  "getByTestId": [Function],
  "getByText": [Function],
  "getByTitle": [Function],
  "queryAllByAltText": [Function],
  "queryAllByDisplayValue": [Function],
  "queryAllByLabelText": [Function],
  "queryAllByPlaceholderText": [Function],
  "queryAllByRole": [Function],
  "queryAllByTestId": [Function],
  "queryAllByText": [Function],
  "queryAllByTitle": [Function],
  "queryByAltText": [Function],
  "queryByDisplayValue": [Function],
  "queryByLabelText": [Function],
  "queryByPlaceholderText": [Function],
  "queryByRole": [Function],
  "queryByTestId": [Function],
  "queryByText": [Function],
  "queryByTitle": [Function],
  "rerender": [Function],
  "unmount": [Function],
}
`;
